// Jest Snapshot v1, https://goo.gl/fbAQLP

exports[`preprocessLoader.js preprocessLoader.1 1`] = `""`;

exports[`preprocessLoader.js preprocessLoader.2 1`] = `""`;

exports[`preprocessLoader.js preprocessLoader.3 1`] = `""`;

exports[`preprocessLoader.js preprocessLoader.4 1`] = `""`;

exports[`preprocessLoader.js preprocessLoader.5 1`] = `""`;

exports[`preprocessLoader.js preprocessLoader.6 1`] = `""`;

exports[`preprocessLoader.js preprocessLoader.7 1`] = `""`;

exports[`preprocessLoader.js preprocessLoader.8 1`] = `""`;

exports[`preprocessLoader.js preprocessLoader.9 1`] = `""`;

exports[`preprocessLoader.js preprocessLoader.10 1`] = `""`;

exports[`preprocessLoader.js preprocessLoader.11 1`] = `""`;
