// Jest Snapshot v1, https://goo.gl/fbAQLP

exports[`replaceSource replaceSource 1`] = `
"
require('common/123.js');(global["webpackJsonp"] =require('common/123.js');(global["webpackJsonp"] =
require('../../common/vendor.js');(global["webpackJsonp"] =require('../../common/vendor.js');(global["webpackJsonp"] =
require('common/abc/123.js');(global["webpackJsonp"] =require('common/abc/123.js');(global["webpackJsonp"] =
require('local-logic/abc/123.js');(global["webpackJsonp"] =require('common/abc/123.js');(global["webpackJsonp"] =
require('components/abc/123.js');(global["webpackJsonp"] =require('common/abc/123.js');(global["webpackJsonp"] =
require('component/abc/123.js');(global["webpackJsonp"] =require('common/abc/123.js');(global["webpackJsonp"] =
require('comm/abc/123.js');(global["webpackJsonp"] =require('common/abc/123.js');(global["webpackJsonp"] =
require('comm/login/123.js');(global["webpackJsonp"] =require('common/abc/123.js');(global["webpackJsonp"] =
"
`;
